// Jest Snapshot v1, https://goo.gl/fbAQLP

exports[`pruebas en TodoApp should mostrarse correctamente 1`] = `[Function]`;
