// Jest Snapshot v1, https://goo.gl/fbAQLP

exports[`pruebas en MultipleCustomHooks debe mostrarse correctamente 1`] = `
<div>
  <h1>
    Braking bad quotes
  </h1>
  <hr />
  <div
    className="alert alert-info text-center"
  >
    Loading
  </div>
  <br />
  <br />
  <br />
</div>
`;
